// Jest Snapshot v1, https://goo.gl/fbAQLP

exports[`Home component should render successfully 1`] = `
Array [
  <div
    className="o-wrapper"
  >
    <button
      className="c-btn "
      onClick={[Function]}
    >
      -
    </button>
    <button
      className="c-btn "
      onClick={[Function]}
    >
      Async -
    </button>
    <small>
      0
    </small>
    <button
      className="c-btn "
      onClick={[Function]}
    >
      Async +
    </button>
    <button
      className="c-btn "
      onClick={[Function]}
    >
      +
    </button>
  </div>,
  <img
    alt="Redux Saga Logo"
    src="redux-saga.png"
    style={
      Object {
        "display": "block",
        "margin": "auto",
      }
    }
  />,
]
`;
